 101   1   1   0   0   0  Jan
 102   1   1   0   0   0  Jan
